2026-05-23 14:39:28,568 INFO o.a.j.u.JMeterUtils: Setting Locale to en_EN
2026-05-23 14:39:28,583 INFO o.a.j.JMeter: Loading user properties from: C:\apache-jmeter-5.6.3\bin\user.properties
2026-05-23 14:39:28,583 INFO o.a.j.JMeter: Loading system properties from: C:\apache-jmeter-5.6.3\bin\system.properties
2026-05-23 14:39:28,589 INFO o.a.j.JMeter: Copyright (c) 1998-2024 The Apache Software Foundation
2026-05-23 14:39:28,589 INFO o.a.j.JMeter: Version 5.6.3
2026-05-23 14:39:28,589 INFO o.a.j.JMeter: java.version=23.0.2
2026-05-23 14:39:28,590 INFO o.a.j.JMeter: java.vm.name=Java HotSpot(TM) 64-Bit Server VM
2026-05-23 14:39:28,590 INFO o.a.j.JMeter: os.name=Windows 11
2026-05-23 14:39:28,590 INFO o.a.j.JMeter: os.arch=amd64
2026-05-23 14:39:28,590 INFO o.a.j.JMeter: os.version=10.0
2026-05-23 14:39:28,590 INFO o.a.j.JMeter: file.encoding=UTF-8
2026-05-23 14:39:28,590 INFO o.a.j.JMeter: java.awt.headless=true
2026-05-23 14:39:28,591 INFO o.a.j.JMeter: Max memory     =1073741824
2026-05-23 14:39:28,591 INFO o.a.j.JMeter: Available Processors =12
2026-05-23 14:39:28,603 INFO o.a.j.JMeter: Default Locale=English (EN)
2026-05-23 14:39:28,603 INFO o.a.j.JMeter: JMeter  Locale=English (EN)
2026-05-23 14:39:28,603 INFO o.a.j.JMeter: JMeterHome=C:\apache-jmeter-5.6.3
2026-05-23 14:39:28,604 INFO o.a.j.JMeter: user.dir  =C:\Users\victoria\PycharmProjects\jmeter-performance-testing
2026-05-23 14:39:28,604 INFO o.a.j.JMeter: PWD       =C:\Users\victoria\PycharmProjects\jmeter-performance-testing
2026-05-23 14:39:28,605 INFO o.a.j.JMeter: IP: 192.168.31.125 Name: DESKTOP-0HFI9C6 FullName: host.docker.internal
2026-05-23 14:39:28,617 INFO o.a.j.JMeter: Setting property 'jmeter.reportgenerator.outputdir' to:'C:\Users\victoria\PycharmProjects\jmeter-performance-testing\reports\html_report_endurance'
2026-05-23 14:39:28,619 INFO o.a.j.s.FileServer: Default base='C:\Users\victoria\PycharmProjects\jmeter-performance-testing'
2026-05-23 14:39:28,620 INFO o.a.j.s.FileServer: Set new base='C:\Users\victoria\PycharmProjects\jmeter-performance-testing\test-plans'
2026-05-23 14:39:28,803 INFO o.a.j.s.SaveService: Testplan (JMX) version: 2.2. Testlog (JTL) version: 2.2
2026-05-23 14:39:28,828 INFO o.a.j.s.SaveService: Using SaveService properties version 5.0
2026-05-23 14:39:28,831 INFO o.a.j.s.SaveService: Using SaveService properties file encoding UTF-8
2026-05-23 14:39:28,834 INFO o.a.j.s.SaveService: Loading file: test-plans\endurance_test.jmx
2026-05-23 14:39:28,878 INFO o.a.j.p.h.s.HTTPSamplerBase: Parser for text/html is org.apache.jmeter.protocol.http.parser.LagartoBasedHtmlParser
2026-05-23 14:39:28,878 INFO o.a.j.p.h.s.HTTPSamplerBase: Parser for application/xhtml+xml is org.apache.jmeter.protocol.http.parser.LagartoBasedHtmlParser
2026-05-23 14:39:28,878 INFO o.a.j.p.h.s.HTTPSamplerBase: Parser for application/xml is org.apache.jmeter.protocol.http.parser.LagartoBasedHtmlParser
2026-05-23 14:39:28,878 INFO o.a.j.p.h.s.HTTPSamplerBase: Parser for text/xml is org.apache.jmeter.protocol.http.parser.LagartoBasedHtmlParser
2026-05-23 14:39:28,878 INFO o.a.j.p.h.s.HTTPSamplerBase: Parser for text/vnd.wap.wml is org.apache.jmeter.protocol.http.parser.RegexpHTMLParser
2026-05-23 14:39:28,878 INFO o.a.j.p.h.s.HTTPSamplerBase: Parser for text/css is org.apache.jmeter.protocol.http.parser.CssParser
2026-05-23 14:39:28,906 INFO o.a.j.JMeter: Creating summariser <summary>
2026-05-23 14:39:28,909 INFO o.a.j.r.d.ReportGenerator: ReportGenerator will use for Parsing the separator: ','
2026-05-23 14:39:28,909 INFO o.a.j.r.d.ReportGenerator: Will generate report at end of test from  results file: results/results_endurance.jtl
2026-05-23 14:39:28,910 INFO o.a.j.r.d.ReportGenerator: Reading report generator properties from: C:\apache-jmeter-5.6.3\bin\reportgenerator.properties
2026-05-23 14:39:28,910 INFO o.a.j.r.d.ReportGenerator: Merging with JMeter properties
2026-05-23 14:39:28,913 INFO o.a.j.r.c.ReportGeneratorConfiguration: Property 'jmeter.reportgenerator.temp_dir' not found, using default value 'temp' instead.
2026-05-23 14:39:28,915 INFO o.a.j.r.c.ReportGeneratorConfiguration: Property 'jmeter.reportgenerator.apdex_per_transaction' not found, using default value 'null' instead.
2026-05-23 14:39:28,915 INFO o.a.j.r.c.ReportGeneratorConfiguration: apdex_per_transaction is empty, not APDEX per transaction customization
2026-05-23 14:39:28,915 INFO o.a.j.r.c.ReportGeneratorConfiguration: Property 'jmeter.reportgenerator.sample_filter' not found, using default value 'null' instead.
2026-05-23 14:39:28,915 INFO o.a.j.r.c.ReportGeneratorConfiguration: Property 'jmeter.reportgenerator.report_title' not found, using default value 'null' instead.
2026-05-23 14:39:28,916 INFO o.a.j.r.c.ReportGeneratorConfiguration: Property 'jmeter.reportgenerator.start_date' not found, using default value 'null' instead.
2026-05-23 14:39:28,916 INFO o.a.j.r.c.ReportGeneratorConfiguration: Property 'jmeter.reportgenerator.end_date' not found, using default value 'null' instead.
2026-05-23 14:39:28,916 INFO o.a.j.r.c.ReportGeneratorConfiguration: Property 'jmeter.reportgenerator.date_format' not found, using default value 'null' instead.
2026-05-23 14:39:28,916 INFO o.a.j.r.c.ReportGeneratorConfiguration: Will use date range start date: null, end date: null
2026-05-23 14:39:28,918 INFO o.a.j.r.c.ReportGeneratorConfiguration: Property 'jmeter.reportgenerator.graph.totalTPS.exclude_controllers' not found, using default value 'false' instead.
2026-05-23 14:39:28,918 INFO o.a.j.r.c.ReportGeneratorConfiguration: Property 'jmeter.reportgenerator.graph.activeThreadsOverTime.exclude_controllers' not found, using default value 'false' instead.
2026-05-23 14:39:28,918 INFO o.a.j.r.c.ReportGeneratorConfiguration: Property 'jmeter.reportgenerator.graph.timeVsThreads.exclude_controllers' not found, using default value 'false' instead.
2026-05-23 14:39:28,919 INFO o.a.j.r.c.ReportGeneratorConfiguration: Property 'jmeter.reportgenerator.graph.responseTimeDistribution.exclude_controllers' not found, using default value 'false' instead.
2026-05-23 14:39:28,919 INFO o.a.j.r.c.ReportGeneratorConfiguration: Property 'jmeter.reportgenerator.graph.transactionsPerSecond.exclude_controllers' not found, using default value 'false' instead.
2026-05-23 14:39:28,919 INFO o.a.j.r.c.ReportGeneratorConfiguration: Property 'jmeter.reportgenerator.graph.responseTimePercentiles.exclude_controllers' not found, using default value 'false' instead.
2026-05-23 14:39:28,919 INFO o.a.j.r.c.ReportGeneratorConfiguration: Property 'jmeter.reportgenerator.graph.responseTimePercentilesOverTime.exclude_controllers' not found, using default value 'false' instead.
2026-05-23 14:39:28,919 INFO o.a.j.r.c.ReportGeneratorConfiguration: Property 'jmeter.reportgenerator.graph.responseTimesOverTime.exclude_controllers' not found, using default value 'false' instead.
2026-05-23 14:39:28,919 INFO o.a.j.r.c.ReportGeneratorConfiguration: Property 'jmeter.reportgenerator.graph.connectTimeOverTime.exclude_controllers' not found, using default value 'false' instead.
2026-05-23 14:39:28,919 INFO o.a.j.r.c.ReportGeneratorConfiguration: Property 'jmeter.reportgenerator.graph.latenciesOverTime.exclude_controllers' not found, using default value 'false' instead.
2026-05-23 14:39:28,920 INFO o.a.j.r.c.ReportGeneratorConfiguration: Property 'jmeter.reportgenerator.exporter.json.filters_only_sample_series' not found, using default value 'true' instead.
2026-05-23 14:39:28,920 INFO o.a.j.r.c.ReportGeneratorConfiguration: Property 'jmeter.reportgenerator.exporter.json.series_filter' not found, using default value '' instead.
2026-05-23 14:39:28,920 INFO o.a.j.r.c.ReportGeneratorConfiguration: Property 'jmeter.reportgenerator.exporter.json.show_controllers_only' not found, using default value 'false' instead.
2026-05-23 14:39:28,920 INFO o.a.j.r.c.ReportGeneratorConfiguration: Property 'jmeter.reportgenerator.exporter.html.filters_only_sample_series' not found, using default value 'true' instead.
2026-05-23 14:39:28,920 INFO o.a.j.r.c.ReportGeneratorConfiguration: Property 'jmeter.reportgenerator.exporter.html.series_filter' not found, using default value '' instead.
2026-05-23 14:39:28,920 INFO o.a.j.r.c.ReportGeneratorConfiguration: Property 'jmeter.reportgenerator.exporter.html.show_controllers_only' not found, using default value 'false' instead.
2026-05-23 14:39:28,935 INFO o.a.j.e.StandardJMeterEngine: Running the test!
2026-05-23 14:39:28,936 INFO o.a.j.s.SampleEvent: List of sample_variables: []
2026-05-23 14:39:28,936 INFO o.a.j.s.SampleEvent: List of sample_variables: []
2026-05-23 14:39:28,947 INFO o.a.j.e.u.CompoundVariable: Note: Function class names must contain the string: '.functions.'
2026-05-23 14:39:28,947 INFO o.a.j.e.u.CompoundVariable: Note: Function class names must not contain the string: '.gui.'
2026-05-23 14:39:28,999 INFO o.a.j.r.ClassFinder: Will scan jar C:\apache-jmeter-5.6.3\lib\ext\jmeter-plugins-ffw-2.0.jar with filter ExtendsClassFilter [parents=[interface org.apache.jmeter.functions.Function], inner=false, contains=null, notContains=null]. Consider exposing JMeter plugins via META-INF/services, and add JMeter-Skip-Class-Scanning=true manifest attribute so JMeter can skip classfile scanning
2026-05-23 14:39:29,002 INFO o.a.j.r.ClassFinder: Will scan jar C:\apache-jmeter-5.6.3\lib\ext\jmeter-plugins-perfmon-2.1.jar with filter ExtendsClassFilter [parents=[interface org.apache.jmeter.functions.Function], inner=false, contains=null, notContains=null]. Consider exposing JMeter plugins via META-INF/services, and add JMeter-Skip-Class-Scanning=true manifest attribute so JMeter can skip classfile scanning
2026-05-23 14:39:29,007 INFO o.a.j.r.ClassFinder: Will scan jar C:\apache-jmeter-5.6.3\lib\ext\jmeter-plugins-functions-2.2.jar with filter ExtendsClassFilter [parents=[interface org.apache.jmeter.functions.Function], inner=false, contains=null, notContains=null]. Consider exposing JMeter plugins via META-INF/services, and add JMeter-Skip-Class-Scanning=true manifest attribute so JMeter can skip classfile scanning
2026-05-23 14:39:29,013 INFO o.a.j.r.ClassFinder: Will scan jar C:\apache-jmeter-5.6.3\lib\ext\jmeter-plugins-dummy-0.4.jar with filter ExtendsClassFilter [parents=[interface org.apache.jmeter.functions.Function], inner=false, contains=null, notContains=null]. Consider exposing JMeter plugins via META-INF/services, and add JMeter-Skip-Class-Scanning=true manifest attribute so JMeter can skip classfile scanning
2026-05-23 14:39:29,028 INFO o.a.j.r.ClassFinder: Will scan jar C:\apache-jmeter-5.6.3\lib\ext\jmeter-plugins-fifo-0.2.jar with filter ExtendsClassFilter [parents=[interface org.apache.jmeter.functions.Function], inner=false, contains=null, notContains=null]. Consider exposing JMeter plugins via META-INF/services, and add JMeter-Skip-Class-Scanning=true manifest attribute so JMeter can skip classfile scanning
2026-05-23 14:39:29,034 INFO o.a.j.r.ClassFinder: Will scan jar C:\apache-jmeter-5.6.3\lib\ext\jmeter-plugins-manager-1.12.jar with filter ExtendsClassFilter [parents=[interface org.apache.jmeter.functions.Function], inner=false, contains=null, notContains=null]. Consider exposing JMeter plugins via META-INF/services, and add JMeter-Skip-Class-Scanning=true manifest attribute so JMeter can skip classfile scanning
2026-05-23 14:39:29,123 INFO o.a.j.r.ClassFinder: Will scan jar C:\apache-jmeter-5.6.3\lib\ext\jmeter-plugins-tst-2.6.jar with filter ExtendsClassFilter [parents=[interface org.apache.jmeter.functions.Function], inner=false, contains=null, notContains=null]. Consider exposing JMeter plugins via META-INF/services, and add JMeter-Skip-Class-Scanning=true manifest attribute so JMeter can skip classfile scanning
2026-05-23 14:39:29,126 INFO o.a.j.r.ClassFinder: Will scan jar C:\apache-jmeter-5.6.3\lib\ext\jmeter-plugins-graphs-basic-2.0.jar with filter ExtendsClassFilter [parents=[interface org.apache.jmeter.functions.Function], inner=false, contains=null, notContains=null]. Consider exposing JMeter plugins via META-INF/services, and add JMeter-Skip-Class-Scanning=true manifest attribute so JMeter can skip classfile scanning
2026-05-23 14:39:29,128 INFO o.a.j.r.ClassFinder: Will scan jar C:\apache-jmeter-5.6.3\lib\ext\jmeter-plugins-casutg-3.1.1.jar with filter ExtendsClassFilter [parents=[interface org.apache.jmeter.functions.Function], inner=false, contains=null, notContains=null]. Consider exposing JMeter plugins via META-INF/services, and add JMeter-Skip-Class-Scanning=true manifest attribute so JMeter can skip classfile scanning
2026-05-23 14:39:29,152 INFO o.a.j.JMeter: Running test (1779536369152)
2026-05-23 14:39:29,164 INFO o.a.j.e.StandardJMeterEngine: Starting ThreadGroup: 1 : Thread Group
2026-05-23 14:39:29,164 INFO o.a.j.e.StandardJMeterEngine: Starting 20 threads for group Thread Group.
2026-05-23 14:39:29,164 INFO o.a.j.e.StandardJMeterEngine: Thread will continue on error
2026-05-23 14:39:29,164 INFO o.a.j.t.ThreadGroup: Starting thread group... number=1 threads=20 ramp-up=5 delayedStart=false
2026-05-23 14:39:29,174 INFO o.a.j.t.ThreadGroup: Started thread group number 1
2026-05-23 14:39:29,174 INFO o.a.j.e.StandardJMeterEngine: All thread groups have been started
2026-05-23 14:39:29,229 INFO o.a.j.t.JMeterThread: Thread started: Thread Group 1-1
2026-05-23 14:39:29,231 INFO o.a.j.s.FileServer: Stored: test-data/users.csv
2026-05-23 14:39:29,255 INFO o.a.j.p.h.s.HTTPHCAbstractImpl: Local host = DESKTOP-0HFI9C6
2026-05-23 14:39:29,259 INFO o.a.j.p.h.s.HTTPHC4Impl: HTTP request retry count = 0
2026-05-23 14:39:29,260 INFO o.a.j.s.SampleResult: Note: Sample TimeStamps are START times
2026-05-23 14:39:29,261 INFO o.a.j.s.SampleResult: sampleresult.default.encoding is set to UTF-8
2026-05-23 14:39:29,261 INFO o.a.j.s.SampleResult: sampleresult.useNanoTime=true
2026-05-23 14:39:29,261 INFO o.a.j.s.SampleResult: sampleresult.nanoThreadSleep=5000
2026-05-23 14:39:29,407 INFO o.a.j.p.h.s.h.LazyLayeredConnectionSocketFactory: Setting up HTTPS TrustAll Socket Factory
2026-05-23 14:39:29,410 INFO o.a.j.u.JsseSSLManager: Using default SSL protocol: TLS
2026-05-23 14:39:29,411 INFO o.a.j.u.JsseSSLManager: SSL session context: per-thread
2026-05-23 14:39:29,477 INFO o.a.j.t.JMeterThread: Thread started: Thread Group 1-2
2026-05-23 14:39:29,568 INFO o.a.j.u.SSLManager: JmeterKeyStore Location:  type JKS
2026-05-23 14:39:29,570 INFO o.a.j.u.SSLManager: KeyStore created OK
2026-05-23 14:39:29,570 WARN o.a.j.u.SSLManager: Keystore file not found, loading empty keystore
2026-05-23 14:39:29,728 INFO o.a.j.t.JMeterThread: Thread started: Thread Group 1-3
2026-05-23 14:39:29,978 INFO o.a.j.t.JMeterThread: Thread started: Thread Group 1-4
2026-05-23 14:39:30,088 INFO o.a.j.r.Summariser: summary +      1 in 00:00:01 =    1.1/s Avg:   606 Min:   606 Max:   606 Err:     0 (0.00%) Active: 4 Started: 4 Finished: 0
2026-05-23 14:39:30,225 INFO o.a.j.t.JMeterThread: Thread started: Thread Group 1-5
2026-05-23 14:39:30,474 INFO o.a.j.t.JMeterThread: Thread started: Thread Group 1-6
2026-05-23 14:39:30,725 INFO o.a.j.t.JMeterThread: Thread started: Thread Group 1-7
2026-05-23 14:39:30,973 INFO o.a.j.t.JMeterThread: Thread started: Thread Group 1-8
2026-05-23 14:39:31,223 INFO o.a.j.t.JMeterThread: Thread started: Thread Group 1-9
2026-05-23 14:39:31,474 INFO o.a.j.t.JMeterThread: Thread started: Thread Group 1-10
2026-05-23 14:39:31,723 INFO o.a.j.t.JMeterThread: Thread started: Thread Group 1-11
2026-05-23 14:39:31,973 INFO o.a.j.t.JMeterThread: Thread started: Thread Group 1-12
2026-05-23 14:39:32,222 INFO o.a.j.t.JMeterThread: Thread started: Thread Group 1-13
2026-05-23 14:39:32,472 INFO o.a.j.t.JMeterThread: Thread started: Thread Group 1-14
2026-05-23 14:39:32,722 INFO o.a.j.t.JMeterThread: Thread started: Thread Group 1-15
2026-05-23 14:39:32,970 INFO o.a.j.t.JMeterThread: Thread started: Thread Group 1-16
2026-05-23 14:39:33,221 INFO o.a.j.t.JMeterThread: Thread started: Thread Group 1-17
2026-05-23 14:39:33,471 INFO o.a.j.t.JMeterThread: Thread started: Thread Group 1-18
2026-05-23 14:39:33,719 INFO o.a.j.t.JMeterThread: Thread started: Thread Group 1-19
2026-05-23 14:39:33,969 INFO o.a.j.t.JMeterThread: Thread started: Thread Group 1-20
2026-05-23 14:40:00,007 INFO o.a.j.r.Summariser: summary +   2754 in 00:00:30 =   92.0/s Avg:   204 Min:   108 Max:   768 Err:     0 (0.00%) Active: 20 Started: 20 Finished: 0
2026-05-23 14:40:00,008 INFO o.a.j.r.Summariser: summary =   2755 in 00:00:31 =   89.3/s Avg:   204 Min:   108 Max:   768 Err:     0 (0.00%)
2026-05-23 14:40:30,001 INFO o.a.j.r.Summariser: summary +   2955 in 00:00:30 =   98.5/s Avg:   202 Min:   107 Max:   563 Err:     0 (0.00%) Active: 20 Started: 20 Finished: 0
2026-05-23 14:40:30,001 INFO o.a.j.r.Summariser: summary =   5710 in 00:01:01 =   93.8/s Avg:   203 Min:   107 Max:   768 Err:     0 (0.00%)
2026-05-23 14:41:00,006 INFO o.a.j.r.Summariser: summary +   2944 in 00:00:30 =   98.1/s Avg:   203 Min:   108 Max:   655 Err:     0 (0.00%) Active: 20 Started: 20 Finished: 0
2026-05-23 14:41:00,006 INFO o.a.j.r.Summariser: summary =   8654 in 00:01:31 =   95.3/s Avg:   203 Min:   107 Max:   768 Err:     0 (0.00%)
2026-05-23 14:41:30,015 INFO o.a.j.r.Summariser: summary +   2962 in 00:00:30 =   98.7/s Avg:   202 Min:   108 Max:   511 Err:     0 (0.00%) Active: 20 Started: 20 Finished: 0
2026-05-23 14:41:30,016 INFO o.a.j.r.Summariser: summary =  11616 in 00:02:01 =   96.1/s Avg:   203 Min:   107 Max:   768 Err:     0 (0.00%)
2026-05-23 14:42:00,002 INFO o.a.j.r.Summariser: summary +   2886 in 00:00:30 =   96.2/s Avg:   207 Min:   108 Max:   714 Err:     0 (0.00%) Active: 20 Started: 20 Finished: 0
2026-05-23 14:42:00,003 INFO o.a.j.r.Summariser: summary =  14502 in 00:02:31 =   96.1/s Avg:   203 Min:   107 Max:   768 Err:     0 (0.00%)
2026-05-23 14:42:30,019 INFO o.a.j.r.Summariser: summary +   2935 in 00:00:30 =   97.8/s Avg:   203 Min:   108 Max:   820 Err:     0 (0.00%) Active: 20 Started: 20 Finished: 0
2026-05-23 14:42:30,020 INFO o.a.j.r.Summariser: summary =  17437 in 00:03:01 =   96.4/s Avg:   203 Min:   107 Max:   820 Err:     0 (0.00%)
2026-05-23 14:43:00,019 INFO o.a.j.r.Summariser: summary +   2864 in 00:00:30 =   95.5/s Avg:   209 Min:   109 Max:  1003 Err:     0 (0.00%) Active: 20 Started: 20 Finished: 0
2026-05-23 14:43:00,020 INFO o.a.j.r.Summariser: summary =  20301 in 00:03:31 =   96.3/s Avg:   204 Min:   107 Max:  1003 Err:     0 (0.00%)
2026-05-23 14:43:30,009 INFO o.a.j.r.Summariser: summary +   2900 in 00:00:30 =   96.7/s Avg:   206 Min:   109 Max:  1150 Err:     0 (0.00%) Active: 20 Started: 20 Finished: 0
2026-05-23 14:43:30,010 INFO o.a.j.r.Summariser: summary =  23201 in 00:04:01 =   96.3/s Avg:   204 Min:   107 Max:  1150 Err:     0 (0.00%)
2026-05-23 14:44:00,019 INFO o.a.j.r.Summariser: summary +   2902 in 00:00:30 =   96.7/s Avg:   206 Min:   109 Max:   868 Err:     0 (0.00%) Active: 20 Started: 20 Finished: 0
2026-05-23 14:44:00,020 INFO o.a.j.r.Summariser: summary =  26103 in 00:04:31 =   96.4/s Avg:   205 Min:   107 Max:  1150 Err:     0 (0.00%)
2026-05-23 14:44:30,016 INFO o.a.j.r.Summariser: summary +   2926 in 00:00:30 =   97.5/s Avg:   204 Min:   109 Max:   792 Err:     0 (0.00%) Active: 20 Started: 20 Finished: 0
2026-05-23 14:44:30,016 INFO o.a.j.r.Summariser: summary =  29029 in 00:05:01 =   96.5/s Avg:   205 Min:   107 Max:  1150 Err:     0 (0.00%)
2026-05-23 14:45:00,002 INFO o.a.j.r.Summariser: summary +   2854 in 00:00:30 =   95.2/s Avg:   210 Min:   109 Max:   987 Err:     0 (0.00%) Active: 20 Started: 20 Finished: 0
2026-05-23 14:45:00,002 INFO o.a.j.r.Summariser: summary =  31883 in 00:05:31 =   96.4/s Avg:   205 Min:   107 Max:  1150 Err:     0 (0.00%)
2026-05-23 14:45:30,012 INFO o.a.j.r.Summariser: summary +   2786 in 00:00:30 =   92.8/s Avg:   214 Min:   109 Max:  1290 Err:     0 (0.00%) Active: 20 Started: 20 Finished: 0
2026-05-23 14:45:30,013 INFO o.a.j.r.Summariser: summary =  34669 in 00:06:01 =   96.1/s Avg:   206 Min:   107 Max:  1290 Err:     0 (0.00%)
2026-05-23 14:46:00,017 INFO o.a.j.r.Summariser: summary +   2916 in 00:00:30 =   97.2/s Avg:   205 Min:   109 Max:   697 Err:     0 (0.00%) Active: 20 Started: 20 Finished: 0
2026-05-23 14:46:00,018 INFO o.a.j.r.Summariser: summary =  37585 in 00:06:31 =   96.2/s Avg:   206 Min:   107 Max:  1290 Err:     0 (0.00%)
2026-05-23 14:46:30,025 INFO o.a.j.r.Summariser: summary +   2932 in 00:00:30 =   97.7/s Avg:   204 Min:   109 Max:   378 Err:     0 (0.00%) Active: 20 Started: 20 Finished: 0
2026-05-23 14:46:30,026 INFO o.a.j.r.Summariser: summary =  40517 in 00:07:01 =   96.3/s Avg:   206 Min:   107 Max:  1290 Err:     0 (0.00%)
2026-05-23 14:47:00,015 INFO o.a.j.r.Summariser: summary +   2867 in 00:00:30 =   95.6/s Avg:   208 Min:   108 Max:   813 Err:     0 (0.00%) Active: 20 Started: 20 Finished: 0
2026-05-23 14:47:00,016 INFO o.a.j.r.Summariser: summary =  43384 in 00:07:31 =   96.2/s Avg:   206 Min:   107 Max:  1290 Err:     0 (0.00%)
2026-05-23 14:47:30,003 INFO o.a.j.r.Summariser: summary +   2925 in 00:00:30 =   97.5/s Avg:   204 Min:   108 Max:  1115 Err:     0 (0.00%) Active: 20 Started: 20 Finished: 0
2026-05-23 14:47:30,003 INFO o.a.j.r.Summariser: summary =  46309 in 00:08:01 =   96.3/s Avg:   206 Min:   107 Max:  1290 Err:     0 (0.00%)
2026-05-23 14:48:00,010 INFO o.a.j.r.Summariser: summary +   2935 in 00:00:30 =   97.8/s Avg:   204 Min:   107 Max:   659 Err:     0 (0.00%) Active: 20 Started: 20 Finished: 0
2026-05-23 14:48:00,011 INFO o.a.j.r.Summariser: summary =  49244 in 00:08:31 =   96.4/s Avg:   205 Min:   107 Max:  1290 Err:     0 (0.00%)
2026-05-23 14:48:30,036 INFO o.a.j.r.Summariser: summary +   2650 in 00:00:30 =   88.3/s Avg:   202 Min:   107 Max:   819 Err:     0 (0.00%) Active: 20 Started: 20 Finished: 0
2026-05-23 14:48:30,037 INFO o.a.j.r.Summariser: summary =  51894 in 00:09:01 =   95.9/s Avg:   205 Min:   107 Max:  1290 Err:     0 (0.00%)
2026-05-23 14:49:00,004 INFO o.a.j.r.Summariser: summary +    363 in 00:00:30 =   12.1/s Avg:  1791 Min:   108 Max: 30776 Err:    16 (4.41%) Active: 20 Started: 20 Finished: 0
2026-05-23 14:49:00,005 INFO o.a.j.r.Summariser: summary =  52257 in 00:09:31 =   91.5/s Avg:   216 Min:   107 Max: 30776 Err:    16 (0.03%)
2026-05-23 14:49:30,006 INFO o.a.j.r.Summariser: summary +   2261 in 00:00:30 =   75.4/s Avg:   269 Min:   108 Max: 20064 Err:     0 (0.00%) Active: 20 Started: 20 Finished: 0
2026-05-23 14:49:30,007 INFO o.a.j.r.Summariser: summary =  54518 in 00:10:01 =   90.7/s Avg:   219 Min:   107 Max: 30776 Err:    16 (0.03%)
2026-05-23 14:50:00,007 INFO o.a.j.r.Summariser: summary +   2874 in 00:00:30 =   95.8/s Avg:   208 Min:   108 Max:  2326 Err:     0 (0.00%) Active: 20 Started: 20 Finished: 0
2026-05-23 14:50:00,008 INFO o.a.j.r.Summariser: summary =  57392 in 00:10:31 =   91.0/s Avg:   218 Min:   107 Max: 30776 Err:    16 (0.03%)
2026-05-23 14:50:30,006 INFO o.a.j.r.Summariser: summary +   2925 in 00:00:30 =   97.5/s Avg:   204 Min:   107 Max:   439 Err:     0 (0.00%) Active: 20 Started: 20 Finished: 0
2026-05-23 14:50:30,007 INFO o.a.j.r.Summariser: summary =  60317 in 00:11:01 =   91.3/s Avg:   217 Min:   107 Max: 30776 Err:    16 (0.03%)
2026-05-23 14:51:00,010 INFO o.a.j.r.Summariser: summary +   2929 in 00:00:30 =   97.6/s Avg:   204 Min:   107 Max:   601 Err:     0 (0.00%) Active: 20 Started: 20 Finished: 0
2026-05-23 14:51:00,011 INFO o.a.j.r.Summariser: summary =  63246 in 00:11:31 =   91.5/s Avg:   217 Min:   107 Max: 30776 Err:    16 (0.03%)
2026-05-23 14:51:30,009 INFO o.a.j.r.Summariser: summary +   2952 in 00:00:30 =   98.4/s Avg:   202 Min:   109 Max:   372 Err:     0 (0.00%) Active: 20 Started: 20 Finished: 0
2026-05-23 14:51:30,010 INFO o.a.j.r.Summariser: summary =  66198 in 00:12:01 =   91.8/s Avg:   216 Min:   107 Max: 30776 Err:    16 (0.02%)
2026-05-23 14:52:00,002 INFO o.a.j.r.Summariser: summary +   2911 in 00:00:30 =   97.1/s Avg:   205 Min:   108 Max:   854 Err:     0 (0.00%) Active: 20 Started: 20 Finished: 0
2026-05-23 14:52:00,002 INFO o.a.j.r.Summariser: summary =  69109 in 00:12:31 =   92.0/s Avg:   216 Min:   107 Max: 30776 Err:    16 (0.02%)
2026-05-23 14:52:30,006 INFO o.a.j.r.Summariser: summary +   2933 in 00:00:30 =   97.8/s Avg:   204 Min:   108 Max:  1046 Err:     0 (0.00%) Active: 20 Started: 20 Finished: 0
2026-05-23 14:52:30,007 INFO o.a.j.r.Summariser: summary =  72042 in 00:13:01 =   92.3/s Avg:   215 Min:   107 Max: 30776 Err:    16 (0.02%)
2026-05-23 14:53:00,018 INFO o.a.j.r.Summariser: summary +   2932 in 00:00:30 =   97.7/s Avg:   204 Min:   107 Max:   812 Err:     0 (0.00%) Active: 20 Started: 20 Finished: 0
2026-05-23 14:53:00,019 INFO o.a.j.r.Summariser: summary =  74974 in 00:13:31 =   92.5/s Avg:   215 Min:   107 Max: 30776 Err:    16 (0.02%)
2026-05-23 14:53:30,003 INFO o.a.j.r.Summariser: summary +   2956 in 00:00:30 =   98.6/s Avg:   202 Min:   107 Max:   372 Err:     0 (0.00%) Active: 20 Started: 20 Finished: 0
2026-05-23 14:53:30,004 INFO o.a.j.r.Summariser: summary =  77930 in 00:14:01 =   92.7/s Avg:   214 Min:   107 Max: 30776 Err:    16 (0.02%)
2026-05-23 14:54:00,001 INFO o.a.j.r.Summariser: summary +   2931 in 00:00:30 =   97.7/s Avg:   204 Min:   107 Max:   644 Err:     0 (0.00%) Active: 20 Started: 20 Finished: 0
2026-05-23 14:54:00,001 INFO o.a.j.r.Summariser: summary =  80861 in 00:14:31 =   92.9/s Avg:   214 Min:   107 Max: 30776 Err:    16 (0.02%)
2026-05-23 14:54:30,011 INFO o.a.j.r.Summariser: summary +   2951 in 00:00:30 =   98.3/s Avg:   202 Min:   107 Max:   653 Err:     0 (0.00%) Active: 20 Started: 20 Finished: 0
2026-05-23 14:54:30,011 INFO o.a.j.r.Summariser: summary =  83812 in 00:15:01 =   93.0/s Avg:   213 Min:   107 Max: 30776 Err:    16 (0.02%)
2026-05-23 14:55:00,025 INFO o.a.j.r.Summariser: summary +   2940 in 00:00:30 =   98.0/s Avg:   203 Min:   107 Max:   584 Err:     0 (0.00%) Active: 20 Started: 20 Finished: 0
2026-05-23 14:55:00,026 INFO o.a.j.r.Summariser: summary =  86752 in 00:15:31 =   93.2/s Avg:   213 Min:   107 Max: 30776 Err:    16 (0.02%)
2026-05-23 14:55:30,001 INFO o.a.j.r.Summariser: summary +   2972 in 00:00:30 =   99.1/s Avg:   201 Min:   107 Max:   437 Err:     0 (0.00%) Active: 20 Started: 20 Finished: 0
2026-05-23 14:55:30,002 INFO o.a.j.r.Summariser: summary =  89724 in 00:16:01 =   93.4/s Avg:   213 Min:   107 Max: 30776 Err:    16 (0.02%)
2026-05-23 14:56:00,006 INFO o.a.j.r.Summariser: summary +   2960 in 00:00:30 =   98.7/s Avg:   202 Min:   107 Max:   593 Err:     0 (0.00%) Active: 20 Started: 20 Finished: 0
2026-05-23 14:56:00,007 INFO o.a.j.r.Summariser: summary =  92684 in 00:16:31 =   93.5/s Avg:   212 Min:   107 Max: 30776 Err:    16 (0.02%)
2026-05-23 14:56:30,011 INFO o.a.j.r.Summariser: summary +   2936 in 00:00:30 =   97.8/s Avg:   203 Min:   109 Max:   385 Err:     0 (0.00%) Active: 20 Started: 20 Finished: 0
2026-05-23 14:56:30,012 INFO o.a.j.r.Summariser: summary =  95620 in 00:17:01 =   93.7/s Avg:   212 Min:   107 Max: 30776 Err:    16 (0.02%)
2026-05-23 14:57:00,002 INFO o.a.j.r.Summariser: summary +   2909 in 00:00:30 =   97.0/s Avg:   205 Min:   108 Max:   682 Err:     0 (0.00%) Active: 20 Started: 20 Finished: 0
2026-05-23 14:57:00,002 INFO o.a.j.r.Summariser: summary =  98529 in 00:17:31 =   93.8/s Avg:   212 Min:   107 Max: 30776 Err:    16 (0.02%)
2026-05-23 14:57:30,003 INFO o.a.j.r.Summariser: summary +   2956 in 00:00:30 =   98.5/s Avg:   202 Min:   108 Max:   649 Err:     0 (0.00%) Active: 20 Started: 20 Finished: 0
2026-05-23 14:57:30,003 INFO o.a.j.r.Summariser: summary = 101485 in 00:18:01 =   93.9/s Avg:   212 Min:   107 Max: 30776 Err:    16 (0.02%)
2026-05-23 14:58:00,031 INFO o.a.j.r.Summariser: summary +   2881 in 00:00:30 =   95.9/s Avg:   208 Min:   108 Max:  1027 Err:     0 (0.00%) Active: 20 Started: 20 Finished: 0
2026-05-23 14:58:00,032 INFO o.a.j.r.Summariser: summary = 104366 in 00:18:31 =   93.9/s Avg:   211 Min:   107 Max: 30776 Err:    16 (0.02%)
2026-05-23 14:58:30,001 INFO o.a.j.r.Summariser: summary +   2963 in 00:00:30 =   98.9/s Avg:   201 Min:   108 Max:   878 Err:     0 (0.00%) Active: 20 Started: 20 Finished: 0
2026-05-23 14:58:30,002 INFO o.a.j.r.Summariser: summary = 107329 in 00:19:01 =   94.1/s Avg:   211 Min:   107 Max: 30776 Err:    16 (0.01%)
2026-05-23 14:59:00,010 INFO o.a.j.r.Summariser: summary +   2937 in 00:00:30 =   97.9/s Avg:   203 Min:   109 Max:   627 Err:     0 (0.00%) Active: 20 Started: 20 Finished: 0
2026-05-23 14:59:00,011 INFO o.a.j.r.Summariser: summary = 110266 in 00:19:31 =   94.2/s Avg:   211 Min:   107 Max: 30776 Err:    16 (0.01%)
2026-05-23 14:59:30,018 INFO o.a.j.r.Summariser: summary +   2936 in 00:00:30 =   97.8/s Avg:   203 Min:   109 Max:   815 Err:     0 (0.00%) Active: 20 Started: 20 Finished: 0
2026-05-23 14:59:30,021 INFO o.a.j.r.Summariser: summary = 113202 in 00:20:01 =   94.3/s Avg:   211 Min:   107 Max: 30776 Err:    16 (0.01%)
2026-05-23 15:00:00,003 INFO o.a.j.r.Summariser: summary +   2887 in 00:00:30 =   96.3/s Avg:   207 Min:   108 Max:   790 Err:     0 (0.00%) Active: 20 Started: 20 Finished: 0
2026-05-23 15:00:00,004 INFO o.a.j.r.Summariser: summary = 116089 in 00:20:31 =   94.3/s Avg:   211 Min:   107 Max: 30776 Err:    16 (0.01%)
2026-05-23 15:00:30,008 INFO o.a.j.r.Summariser: summary +   2874 in 00:00:30 =   95.8/s Avg:   208 Min:   108 Max:   873 Err:     0 (0.00%) Active: 20 Started: 20 Finished: 0
2026-05-23 15:00:30,008 INFO o.a.j.r.Summariser: summary = 118963 in 00:21:01 =   94.4/s Avg:   211 Min:   107 Max: 30776 Err:    16 (0.01%)
2026-05-23 15:01:00,000 INFO o.a.j.r.Summariser: summary +   2854 in 00:00:30 =   95.2/s Avg:   209 Min:   108 Max:  1018 Err:     0 (0.00%) Active: 20 Started: 20 Finished: 0
2026-05-23 15:01:00,001 INFO o.a.j.r.Summariser: summary = 121817 in 00:21:31 =   94.4/s Avg:   211 Min:   107 Max: 30776 Err:    16 (0.01%)
2026-05-23 15:01:30,001 INFO o.a.j.r.Summariser: summary +   2936 in 00:00:30 =   97.9/s Avg:   203 Min:   107 Max:   791 Err:     0 (0.00%) Active: 20 Started: 20 Finished: 0
2026-05-23 15:01:30,003 INFO o.a.j.r.Summariser: summary = 124753 in 00:22:01 =   94.4/s Avg:   210 Min:   107 Max: 30776 Err:    16 (0.01%)
2026-05-23 15:02:00,006 INFO o.a.j.r.Summariser: summary +   2941 in 00:00:30 =   98.0/s Avg:   203 Min:   107 Max:   609 Err:     0 (0.00%) Active: 20 Started: 20 Finished: 0
2026-05-23 15:02:00,007 INFO o.a.j.r.Summariser: summary = 127694 in 00:22:31 =   94.5/s Avg:   210 Min:   107 Max: 30776 Err:    16 (0.01%)
2026-05-23 15:02:30,002 INFO o.a.j.r.Summariser: summary +   2917 in 00:00:30 =   97.2/s Avg:   205 Min:   108 Max:   703 Err:     0 (0.00%) Active: 20 Started: 20 Finished: 0
2026-05-23 15:02:30,003 INFO o.a.j.r.Summariser: summary = 130611 in 00:23:01 =   94.6/s Avg:   210 Min:   107 Max: 30776 Err:    16 (0.01%)
2026-05-23 15:03:00,005 INFO o.a.j.r.Summariser: summary +   2884 in 00:00:30 =   96.1/s Avg:   207 Min:   107 Max:   650 Err:     0 (0.00%) Active: 20 Started: 20 Finished: 0
2026-05-23 15:03:00,006 INFO o.a.j.r.Summariser: summary = 133495 in 00:23:31 =   94.6/s Avg:   210 Min:   107 Max: 30776 Err:    16 (0.01%)
2026-05-23 15:03:30,018 INFO o.a.j.r.Summariser: summary +   2893 in 00:00:30 =   96.4/s Avg:   206 Min:   112 Max:   867 Err:     0 (0.00%) Active: 20 Started: 20 Finished: 0
2026-05-23 15:03:30,019 INFO o.a.j.r.Summariser: summary = 136388 in 00:24:01 =   94.7/s Avg:   210 Min:   107 Max: 30776 Err:    16 (0.01%)
2026-05-23 15:04:00,006 INFO o.a.j.r.Summariser: summary +   2900 in 00:00:30 =   96.7/s Avg:   206 Min:   108 Max:   595 Err:     0 (0.00%) Active: 20 Started: 20 Finished: 0
2026-05-23 15:04:00,007 INFO o.a.j.r.Summariser: summary = 139288 in 00:24:31 =   94.7/s Avg:   210 Min:   107 Max: 30776 Err:    16 (0.01%)
2026-05-23 15:04:30,016 INFO o.a.j.r.Summariser: summary +   2781 in 00:00:30 =   92.7/s Avg:   215 Min:   108 Max:  1001 Err:     0 (0.00%) Active: 20 Started: 20 Finished: 0
2026-05-23 15:04:30,017 INFO o.a.j.r.Summariser: summary = 142069 in 00:25:01 =   94.7/s Avg:   210 Min:   107 Max: 30776 Err:    16 (0.01%)
2026-05-23 15:05:00,010 INFO o.a.j.r.Summariser: summary +   2904 in 00:00:30 =   96.8/s Avg:   205 Min:   107 Max:   836 Err:     0 (0.00%) Active: 20 Started: 20 Finished: 0
2026-05-23 15:05:00,011 INFO o.a.j.r.Summariser: summary = 144973 in 00:25:31 =   94.7/s Avg:   210 Min:   107 Max: 30776 Err:    16 (0.01%)
2026-05-23 15:05:30,014 INFO o.a.j.r.Summariser: summary +   2937 in 00:00:30 =   97.9/s Avg:   203 Min:   108 Max:  1018 Err:     0 (0.00%) Active: 20 Started: 20 Finished: 0
2026-05-23 15:05:30,015 INFO o.a.j.r.Summariser: summary = 147910 in 00:26:01 =   94.8/s Avg:   210 Min:   107 Max: 30776 Err:    16 (0.01%)
2026-05-23 15:06:00,000 INFO o.a.j.r.Summariser: summary +   2918 in 00:00:30 =   97.3/s Avg:   205 Min:   108 Max:   801 Err:     0 (0.00%) Active: 20 Started: 20 Finished: 0
2026-05-23 15:06:00,001 INFO o.a.j.r.Summariser: summary = 150828 in 00:26:31 =   94.8/s Avg:   210 Min:   107 Max: 30776 Err:    16 (0.01%)
2026-05-23 15:06:30,002 INFO o.a.j.r.Summariser: summary +   2918 in 00:00:30 =   97.3/s Avg:   205 Min:   112 Max:   376 Err:     0 (0.00%) Active: 20 Started: 20 Finished: 0
2026-05-23 15:06:30,004 INFO o.a.j.r.Summariser: summary = 153746 in 00:27:01 =   94.9/s Avg:   210 Min:   107 Max: 30776 Err:    16 (0.01%)
2026-05-23 15:07:00,010 INFO o.a.j.r.Summariser: summary +   2894 in 00:00:30 =   96.4/s Avg:   206 Min:   112 Max:   625 Err:     0 (0.00%) Active: 20 Started: 20 Finished: 0
2026-05-23 15:07:00,011 INFO o.a.j.r.Summariser: summary = 156640 in 00:27:31 =   94.9/s Avg:   210 Min:   107 Max: 30776 Err:    16 (0.01%)
2026-05-23 15:07:30,003 INFO o.a.j.r.Summariser: summary +   2913 in 00:00:30 =   97.1/s Avg:   205 Min:   112 Max:   372 Err:     0 (0.00%) Active: 20 Started: 20 Finished: 0
2026-05-23 15:07:30,004 INFO o.a.j.r.Summariser: summary = 159553 in 00:28:01 =   94.9/s Avg:   209 Min:   107 Max: 30776 Err:    16 (0.01%)
2026-05-23 15:08:00,012 INFO o.a.j.r.Summariser: summary +   2892 in 00:00:30 =   96.4/s Avg:   207 Min:   108 Max:   596 Err:     0 (0.00%) Active: 20 Started: 20 Finished: 0
2026-05-23 15:08:00,013 INFO o.a.j.r.Summariser: summary = 162445 in 00:28:31 =   94.9/s Avg:   209 Min:   107 Max: 30776 Err:    16 (0.01%)
2026-05-23 15:08:30,011 INFO o.a.j.r.Summariser: summary +   2947 in 00:00:30 =   98.2/s Avg:   203 Min:   108 Max:   375 Err:     0 (0.00%) Active: 20 Started: 20 Finished: 0
2026-05-23 15:08:30,011 INFO o.a.j.r.Summariser: summary = 165392 in 00:29:01 =   95.0/s Avg:   209 Min:   107 Max: 30776 Err:    16 (0.01%)
2026-05-23 15:09:00,007 INFO o.a.j.r.Summariser: summary +   2924 in 00:00:30 =   97.5/s Avg:   204 Min:   108 Max:   660 Err:     0 (0.00%) Active: 20 Started: 20 Finished: 0
2026-05-23 15:09:00,008 INFO o.a.j.r.Summariser: summary = 168316 in 00:29:31 =   95.0/s Avg:   209 Min:   107 Max: 30776 Err:    16 (0.01%)
2026-05-23 15:09:29,170 INFO o.a.j.t.JMeterThread: Stopping because end time detected by thread: Thread Group 1-9
2026-05-23 15:09:29,170 INFO o.a.j.t.JMeterThread: Thread finished: Thread Group 1-9
2026-05-23 15:09:29,201 INFO o.a.j.t.JMeterThread: Stopping because end time detected by thread: Thread Group 1-4
2026-05-23 15:09:29,202 INFO o.a.j.t.JMeterThread: Thread finished: Thread Group 1-4
2026-05-23 15:09:29,221 INFO o.a.j.t.JMeterThread: Stopping because end time detected by thread: Thread Group 1-20
2026-05-23 15:09:29,221 INFO o.a.j.t.JMeterThread: Thread finished: Thread Group 1-20
2026-05-23 15:09:29,224 INFO o.a.j.t.JMeterThread: Stopping because end time detected by thread: Thread Group 1-17
2026-05-23 15:09:29,224 INFO o.a.j.t.JMeterThread: Stopping because end time detected by thread: Thread Group 1-13
2026-05-23 15:09:29,225 INFO o.a.j.t.JMeterThread: Thread finished: Thread Group 1-13
2026-05-23 15:09:29,225 INFO o.a.j.t.JMeterThread: Thread finished: Thread Group 1-17
2026-05-23 15:09:29,226 INFO o.a.j.t.JMeterThread: Stopping because end time detected by thread: Thread Group 1-7
2026-05-23 15:09:29,226 INFO o.a.j.t.JMeterThread: Thread finished: Thread Group 1-7
2026-05-23 15:09:29,226 INFO o.a.j.t.JMeterThread: Stopping because end time detected by thread: Thread Group 1-10
2026-05-23 15:09:29,227 INFO o.a.j.t.JMeterThread: Thread finished: Thread Group 1-10
2026-05-23 15:09:29,238 INFO o.a.j.t.JMeterThread: Stopping because end time detected by thread: Thread Group 1-15
2026-05-23 15:09:29,239 INFO o.a.j.t.JMeterThread: Thread finished: Thread Group 1-15
2026-05-23 15:09:29,252 INFO o.a.j.t.JMeterThread: Stopping because end time detected by thread: Thread Group 1-12
2026-05-23 15:09:29,253 INFO o.a.j.t.JMeterThread: Thread finished: Thread Group 1-12
2026-05-23 15:09:29,261 INFO o.a.j.t.JMeterThread: Stopping because end time detected by thread: Thread Group 1-11
2026-05-23 15:09:29,261 INFO o.a.j.t.JMeterThread: Thread finished: Thread Group 1-11
2026-05-23 15:09:29,272 INFO o.a.j.t.JMeterThread: Stopping because end time detected by thread: Thread Group 1-6
2026-05-23 15:09:29,272 INFO o.a.j.t.JMeterThread: Thread finished: Thread Group 1-6
2026-05-23 15:09:29,280 INFO o.a.j.t.JMeterThread: Stopping because end time detected by thread: Thread Group 1-16
2026-05-23 15:09:29,280 INFO o.a.j.t.JMeterThread: Thread finished: Thread Group 1-16
2026-05-23 15:09:29,304 INFO o.a.j.t.JMeterThread: Stopping because end time detected by thread: Thread Group 1-1
2026-05-23 15:09:29,305 INFO o.a.j.t.JMeterThread: Thread finished: Thread Group 1-1
2026-05-23 15:09:29,335 INFO o.a.j.t.JMeterThread: Stopping because end time detected by thread: Thread Group 1-14
2026-05-23 15:09:29,335 INFO o.a.j.t.JMeterThread: Thread finished: Thread Group 1-14
2026-05-23 15:09:29,342 INFO o.a.j.t.JMeterThread: Stopping because end time detected by thread: Thread Group 1-19
2026-05-23 15:09:29,344 INFO o.a.j.t.JMeterThread: Thread finished: Thread Group 1-19
2026-05-23 15:09:29,357 INFO o.a.j.t.JMeterThread: Stopping because end time detected by thread: Thread Group 1-5
2026-05-23 15:09:29,357 INFO o.a.j.t.JMeterThread: Thread finished: Thread Group 1-5
2026-05-23 15:09:29,419 INFO o.a.j.t.JMeterThread: Stopping because end time detected by thread: Thread Group 1-3
2026-05-23 15:09:29,421 INFO o.a.j.t.JMeterThread: Thread finished: Thread Group 1-3
2026-05-23 15:09:29,456 INFO o.a.j.t.JMeterThread: Stopping because end time detected by thread: Thread Group 1-8
2026-05-23 15:09:29,456 INFO o.a.j.t.JMeterThread: Thread finished: Thread Group 1-8
2026-05-23 15:09:29,481 INFO o.a.j.t.JMeterThread: Stopping because end time detected by thread: Thread Group 1-2
2026-05-23 15:09:29,483 INFO o.a.j.t.JMeterThread: Thread finished: Thread Group 1-2
2026-05-23 15:09:29,496 INFO o.a.j.t.JMeterThread: Stopping because end time detected by thread: Thread Group 1-18
2026-05-23 15:09:29,496 INFO o.a.j.t.JMeterThread: Thread finished: Thread Group 1-18
2026-05-23 15:09:29,497 INFO o.a.j.e.StandardJMeterEngine: Notifying test listeners of end of test
2026-05-23 15:09:29,497 INFO o.a.j.s.FileServer: Close: test-data/users.csv
2026-05-23 15:09:29,498 INFO o.a.j.r.Summariser: summary +   2906 in 00:00:29 =   98.5/s Avg:   201 Min:   108 Max:   582 Err:     0 (0.00%) Active: 0 Started: 20 Finished: 20
2026-05-23 15:09:29,499 INFO o.a.j.r.Summariser: summary = 171222 in 00:30:00 =   95.1/s Avg:   209 Min:   107 Max: 30776 Err:    16 (0.01%)
2026-05-23 15:09:29,501 INFO o.a.j.JMeter: Generating Dashboard
2026-05-23 15:09:29,501 INFO o.a.j.r.d.ReportGenerator: Flushing result collector before report Generation
2026-05-23 15:09:29,519 INFO o.a.j.r.p.NormalizerSampleConsumer: Using format, 'ms', to parse timeStamp field
2026-05-23 15:09:32,935 INFO o.a.j.r.p.AbstractSampleConsumer: class org.apache.jmeter.report.processor.AggregateConsumer#stopProducing(): beginDate produced 0 samples
2026-05-23 15:09:32,935 INFO o.a.j.r.p.AbstractSampleConsumer: class org.apache.jmeter.report.processor.AggregateConsumer#stopProducing(): endDate produced 0 samples
2026-05-23 15:09:32,936 INFO o.a.j.r.p.AbstractSampleConsumer: class org.apache.jmeter.report.processor.ApdexSummaryConsumer#stopProducing(): apdexSummary produced 0 samples
2026-05-23 15:09:32,936 INFO o.a.j.r.p.AbstractSampleConsumer: class org.apache.jmeter.report.processor.RequestsSummaryConsumer#stopProducing(): requestsSummary produced 0 samples
2026-05-23 15:09:32,952 INFO o.a.j.r.p.AbstractSampleConsumer: class org.apache.jmeter.report.processor.StatisticsSummaryConsumer#stopProducing(): statisticsSummary produced 0 samples
2026-05-23 15:09:32,955 INFO o.a.j.r.p.AbstractSampleConsumer: class org.apache.jmeter.report.processor.Top5ErrorsBySamplerConsumer#stopProducing(): top5ErrorsBySampler produced 0 samples
2026-05-23 15:09:32,955 INFO o.a.j.r.p.AbstractSampleConsumer: class org.apache.jmeter.report.processor.ErrorsSummaryConsumer#stopProducing(): errorsSummary produced 0 samples
2026-05-23 15:09:32,955 INFO o.a.j.r.p.AbstractSampleConsumer: class org.apache.jmeter.report.processor.graph.impl.HitsPerSecondGraphConsumer#stopProducing(): hitsPerSecond produced 0 samples
2026-05-23 15:09:34,839 INFO o.a.j.r.p.AbstractSampleConsumer: class org.apache.jmeter.report.processor.graph.impl.LatencyVSRequestGraphConsumer#stopProducing(): latencyVsRequest produced 0 samples
2026-05-23 15:09:34,848 INFO o.a.j.r.p.AbstractSampleConsumer: class org.apache.jmeter.report.processor.graph.impl.SyntheticResponseTimeDistributionGraphConsumer#stopProducing(): syntheticResponseTimeDistribution produced 0 samples
2026-05-23 15:09:34,849 INFO o.a.j.r.p.AbstractSampleConsumer: class org.apache.jmeter.report.processor.graph.impl.BytesThroughputGraphConsumer#stopProducing(): bytesThroughputOverTime produced 0 samples
2026-05-23 15:09:34,849 INFO o.a.j.r.p.AbstractSampleConsumer: class org.apache.jmeter.report.processor.graph.impl.CodesPerSecondGraphConsumer#stopProducing(): codesPerSecond produced 0 samples
2026-05-23 15:09:36,750 INFO o.a.j.r.p.AbstractSampleConsumer: class org.apache.jmeter.report.processor.graph.impl.ResponseTimeVSRequestGraphConsumer#stopProducing(): responseTimeVsRequest produced 0 samples
2026-05-23 15:09:36,753 INFO o.a.j.r.p.AbstractSampleConsumer: class org.apache.jmeter.report.processor.FilterConsumer#stopProducing(): startIntervalControlerFilter produced 2696610 samples
2026-05-23 15:09:36,753 INFO o.a.j.r.p.AbstractSampleConsumer: class org.apache.jmeter.report.processor.graph.impl.TotalTPSGraphConsumer#stopProducing(): totalTPS produced 0 samples
2026-05-23 15:09:36,753 INFO o.a.j.r.p.AbstractSampleConsumer: class org.apache.jmeter.report.processor.graph.impl.ActiveThreadsGraphConsumer#stopProducing(): activeThreadsOverTime produced 0 samples
2026-05-23 15:09:36,753 INFO o.a.j.r.p.AbstractSampleConsumer: class org.apache.jmeter.report.processor.graph.impl.TimeVSThreadGraphConsumer#stopProducing(): timeVsThreads produced 0 samples
2026-05-23 15:09:36,753 INFO o.a.j.r.p.AbstractSampleConsumer: class org.apache.jmeter.report.processor.graph.impl.ResponseTimeDistributionGraphConsumer#stopProducing(): responseTimeDistribution produced 0 samples
2026-05-23 15:09:36,754 INFO o.a.j.r.p.AbstractSampleConsumer: class org.apache.jmeter.report.processor.graph.impl.TransactionsPerSecondGraphConsumer#stopProducing(): transactionsPerSecond produced 0 samples
2026-05-23 15:09:36,754 INFO o.a.j.r.p.AbstractSampleConsumer: class org.apache.jmeter.report.processor.graph.impl.ResponseTimePercentilesGraphConsumer#stopProducing(): responseTimePercentiles produced 0 samples
2026-05-23 15:09:36,755 INFO o.a.j.r.p.AbstractSampleConsumer: class org.apache.jmeter.report.processor.graph.impl.ResponseTimePercentilesOverTimeGraphConsumer#stopProducing(): responseTimePercentilesOverTime produced 0 samples
2026-05-23 15:09:36,775 INFO o.a.j.r.p.AbstractSampleConsumer: class org.apache.jmeter.report.processor.graph.impl.ResponseTimeOverTimeGraphConsumer#stopProducing(): responseTimesOverTime produced 0 samples
2026-05-23 15:09:36,775 INFO o.a.j.r.p.AbstractSampleConsumer: class org.apache.jmeter.report.processor.graph.impl.ConnectTimeOverTimeGraphConsumer#stopProducing(): connectTimeOverTime produced 0 samples
2026-05-23 15:09:36,775 INFO o.a.j.r.p.AbstractSampleConsumer: class org.apache.jmeter.report.processor.graph.impl.LatencyOverTimeGraphConsumer#stopProducing(): latenciesOverTime produced 0 samples
2026-05-23 15:09:36,775 INFO o.a.j.r.p.AbstractSampleConsumer: class org.apache.jmeter.report.processor.FilterConsumer#stopProducing(): nameFilter produced 5778450 samples
2026-05-23 15:09:36,775 INFO o.a.j.r.p.AbstractSampleConsumer: class org.apache.jmeter.report.processor.FilterConsumer#stopProducing(): dateRangeFilter produced 1155690 samples
2026-05-23 15:09:36,775 INFO o.a.j.r.p.AbstractSampleConsumer: class org.apache.jmeter.report.processor.NormalizerSampleConsumer#stopProducing(): normalizer produced 385230 samples
2026-05-23 15:09:36,776 INFO o.a.j.r.p.CsvFileSampleSource: produce(): 385230 samples produced in 7s 232 ms on channel 0
2026-05-23 15:09:36,776 INFO o.a.j.r.d.ReportGenerator: Exporting data using exporter:'json' of className:'org.apache.jmeter.report.dashboard.JsonExporter'
2026-05-23 15:09:36,829 INFO o.a.j.r.d.JsonExporter: Found data for consumer statisticsSummary in context
2026-05-23 15:09:36,829 INFO o.a.j.r.d.JsonExporter: Creating statistics for overall
2026-05-23 15:09:36,829 INFO o.a.j.r.d.JsonExporter: Creating statistics for other transactions
2026-05-23 15:09:36,829 INFO o.a.j.r.d.JsonExporter: Checking output folder
2026-05-23 15:09:36,830 INFO o.a.j.r.d.JsonExporter: Writing statistics JSON to C:\Users\victoria\PycharmProjects\jmeter-performance-testing\reports\html_report_endurance\statistics.json
2026-05-23 15:09:36,860 INFO o.a.j.r.d.ReportGenerator: Exporting data using exporter:'html' of className:'org.apache.jmeter.report.dashboard.HtmlTemplateExporter'
2026-05-23 15:09:36,862 INFO o.a.j.r.d.HtmlTemplateExporter: Will generate dashboard in folder: C:\Users\victoria\PycharmProjects\jmeter-performance-testing\reports\html_report_endurance
2026-05-23 15:09:36,940 INFO o.a.j.r.d.HtmlTemplateExporter: Report will be generated in: C:\Users\victoria\PycharmProjects\jmeter-performance-testing\reports\html_report_endurance, creating folder structure
2026-05-23 15:09:36,945 INFO o.a.j.r.d.TemplateVisitor: Copying folder from 'C:\apache-jmeter-5.6.3\bin\report-template' to 'C:\Users\victoria\PycharmProjects\jmeter-performance-testing\reports\html_report_endurance', got message: C:\Users\victoria\PycharmProjects\jmeter-performance-testing\reports\html_report_endurance, found non empty folder with following content [C:\Users\victoria\PycharmProjects\jmeter-performance-testing\reports\html_report_endurance\statistics.json], will be ignored
2026-05-23 15:09:37,658 INFO o.a.j.JMeter: Dashboard generated
